
In VersionParser.php line 526:
                                                                        
  Could not parse version constraint foo: Invalid version string "foo"  
                                                                        

php-matrix [--source SOURCE] [--mode MODE] [--] <constraint>

