
In Command.php line 86:
                                                                               
  Error! Invalid source 'not-a-source'. Available sources: [auto, php.net, of  
  fline]                                                                       
                                                                               

php-matrix [--source SOURCE] [--mode MODE] [--] <constraint>

